LTspice 26.0.1 for Windows
Circuit: D:\PROJEKTI\Clock Oscillator\Draft1.net
Start Time: Sun Feb  1 19:16:48 2026
Options:plotwinsize=0
solver = Normal
Maximum thread count: 18
tnom = 27
temp = 27
method = trap
Compress1stOrder = true
Compress2ndOrder = true
Direct Newton iteration succeeded in finding operating point.
Changing Tseed to 1e-08
Changing Tseed to 1e-10
Changing Tseed to 1e-07
Changing Tseed to 1e-11
Changing Tseed to 1e-06
Changing Tseed to 1e-12
Changing Tseed to 1e-05
Changing Tseed to 1e-13
Changing Tseed to 0.0001
Total elapsed time: 0.624 seconds.

Files loaded:
D:\PROJEKTI\Clock Oscillator\Draft1.net
D:\PROJEKTI\Clock Oscillator\TL072.lib

